---
source: crates/turborepo-lib/src/engine/builder.rs
assertion_line: 1443
expression: msg
---
"{\"message\": \"Missing tasks in project\",\"severity\": \"error\",\"causes\": [],\"labels\": [],\"related\": [{\"message\": \"Could not find task `app1#another` in project\",\"severity\": \"error\",\"causes\": [],\"filename\": \"\",\"labels\": [],\"related\": []}]}"
