---
source: crates/turborepo-lib/src/cli/mod.rs
assertion_line: 3281
expression: err
---
error: unexpected argument '--no-daemon' found

  tip: a similar argument exists: '--no-update-notifier'
  tip: to pass '--no-daemon' as a value, use '-- --no-daemon'

Usage: turbo watch --no-update-notifier

For more information, try '--help'.
