---
source: crates/turborepo-engine/src/builder.rs
expression: msg
---
"{\"message\": \"Missing tasks in project\",\"severity\": \"error\",\"causes\": [],\"labels\": [],\"related\": [{\"message\": \"Could not find task `app1#special` in project\",\"severity\": \"error\",\"causes\": [],\"filename\": \"\",\"labels\": [],\"related\": []}]}"
