---
source: crates/turborepo-lib/src/turbo_json/mod.rs
expression: raw_boundaries_config
---
{
  "tags": {
    "my-tag": {
      "dependents": {
        "allow": [
          "my-package"
        ],
        "deny": [
          "my-other-package"
        ]
      }
    }
  },
  "implicit_dependencies": [
    "my-package"
  ]
}
