---
source: crates/turborepo/tests/boundaries.rs
expression: query_output
---
{
  "data": {
    "boundaries": {
      "items": [
        {
          "message": "Package `@vercel/no-allowlist` found with tag listed in denylist for `my-app`: `unsafe`",
          "import": "@vercel/no-allowlist"
        },
        {
          "message": "Package `@vercel/no-allowlist` found without any tag listed in allowlist for `@vercel/empty-allowlist`",
          "import": "@vercel/no-allowlist"
        },
        {
          "message": "Package `my-app` found without any tag listed in allowlist for `@vercel/empty-allowlist`",
          "import": "my-app"
        }
      ]
    }
  }
}
