---
source: crates/turborepo/tests/final_hash_contract.rs
expression: task_hash_contract(&json)
---
another#build hash=e9a99dd97d223d88 external=459c029558afe716 framework= envMode=strict
my-app#build hash=0555ce94ca234049 external=459c029558afe716 framework= envMode=strict
util#build hash=bf1798d3e46e1b48 external=459c029558afe716 framework= envMode=strict
