---
source: crates/turborepo/tests/final_hash_contract.rs
expression: task_hash_contract(&json)
---
another#build hash=b7628a2393ddfd24 external=459c029558afe716 framework= envMode=strict
my-app#build hash=15e7dab4c70074ec external=459c029558afe716 framework= envMode=strict
util#build hash=2441a07899390000 external=459c029558afe716 framework= envMode=strict
