---
source: crates/turborepo/tests/final_hash_contract.rs
expression: contract
---
[a-initial]
a#build hash=8fd5881444115b90 external=2f9eaeffc415792b framework= envMode=strict

[b-initial]
b#build hash=1a6b5fdabbe00c50 external=e45a339e690c8cdd framework= envMode=strict

[a-after-b-dep-bump]
a#build hash=8fd5881444115b90 external=2f9eaeffc415792b framework= envMode=strict

[b-after-b-dep-bump]
b#build hash=be2d015b16714752 external=f7da6585f881735f framework= envMode=strict

[a-after-root-bump]
a#build hash=b24874c73664e3f9 external=2f9eaeffc415792b framework= envMode=strict

[b-after-root-bump]
b#build hash=9b20f26c46b5700f external=f7da6585f881735f framework= envMode=strict
