---
source: crates/turborepo/tests/final_hash_contract.rs
expression: contract
---
[global-dependencies-initial]
app-a#build hash=b15f6646e8291cbf external= framework= envMode=strict
app-b#build hash=78c06301099fa365 external= framework= envMode=strict
shared-lib#build hash=2602c85662ada8db external= framework= envMode=strict

[global-dependencies-changed]
app-a#build hash=5e96d68764c95b47 external= framework= envMode=strict
app-b#build hash=115fecf45741a6c7 external= framework= envMode=strict
shared-lib#build hash=853eb01d5a3cc7c0 external= framework= envMode=strict

[global-inputs-initial]
app-a#build hash=7cc6274e558748bd external= framework= envMode=strict
app-b#build hash=c3facde7beec5cb3 external= framework= envMode=strict
shared-lib#build hash=144fc16b8a7dffe8 external= framework= envMode=strict

[global-inputs-changed]
app-a#build hash=29ea00e03dda2888 external= framework= envMode=strict
app-b#build hash=c3facde7beec5cb3 external= framework= envMode=strict
shared-lib#build hash=144fc16b8a7dffe8 external= framework= envMode=strict

[global-inputs-package-changed]
app-a#build hash=7c287d7dab39bd6f external= framework= envMode=strict
