---
source: crates/turborepo/tests/final_hash_contract.rs
expression: global_cache_inputs_contract(&json)
---
rootKey=I can’t see ya, but I know you’re here
hashOfExternalDependencies=459c029558afe716
hashOfInternalDependencies=
file:foo.txt=eebae5f3ca7b5831e429e947b7d61edd0de69236
env.specified={"env":["SOME_ENV_VAR"],"passThroughEnv":null}
env.configured=[]
env.inferred=[]
env.passthrough=null
