---
source: crates/turborepo/tests/final_hash_contract.rs
expression: contract
---
[override]
override-values#override-values-task hash=753d63dcf81440f4 external=459c029558afe716 framework= envMode=strict

[inherited]
missing-workspace-config#missing-workspace-config-task hash=d0f91d8a6a81881e external=459c029558afe716 framework= envMode=strict

[override-with-deps]
override-values#override-values-task-with-deps hash=b743435821051f6d external=459c029558afe716 framework= envMode=strict

[config-change-initial]
config-change#config-change-task hash=c1ead92b56bb6a55 external=459c029558afe716 framework= envMode=strict

[config-change-updated]
config-change#config-change-task hash=6ae58ea5d2033734 external=459c029558afe716 framework= envMode=strict
