---
source: crates/turborepo/tests/query.rs
expression: query_output
---
{
  "data": {
    "file": {
      "path": "button.tsx",
      "dependencies": {
        "files": {
          "items": [
            {
              "path": "button.css"
            },
            {
              "path": "button.json"
            }
          ]
        }
      }
    }
  }
}
