---
source: crates/turborepo/tests/query.rs
expression: query_output
---
{
  "data": {
    "file": {
      "path": "import_value_and_type.ts",
      "dependencies": {
        "files": {
          "items": [
            {
              "path": "link.tsx"
            },
            {
              "path": "types.ts"
            }
          ]
        }
      }
    }
  }
}
