---
source: crates/turborepo/tests/query.rs
expression: query_output
---
{
  "data": {
    "packages": {
      "items": [
        {
          "indirectDependencies": {
            "items": [
              {
                "name": "//"
              }
            ]
          }
        }
      ]
    }
  }
}
