---
source: crates/turborepo/tests/query.rs
expression: query_output
---
{
  "data": {
    "packageGraph": {
      "nodes": {
        "items": [
          {
            "name": "another"
          },
          {
            "name": "my-app"
          },
          {
            "name": "util"
          }
        ]
      },
      "edges": {
        "items": [
          {
            "source": "my-app",
            "target": "util"
          }
        ]
      }
    }
  }
}
