---
source: crates/turborepo/tests/query.rs
expression: query_output
---
{
  "data": {
    "packages": {
      "items": [
        {
          "directDependencies": {
            "items": [
              {
                "name": "util"
              }
            ]
          }
        }
      ]
    }
  }
}
