---
source: crates/turborepo/tests/unnamed_packages_test.rs
expression: stdout.to_string()
---
• Packages in scope: my-app, util
• Running build in 2 packages
• Remote caching disabled
my-app:build: cache miss, executing 997bd49b625fad50
my-app:build: 
my-app:build: > build
my-app:build: > echo building
my-app:build: 
my-app:build: building

 Tasks:    1 successful, 1 total
Cached:    0 cached, 1 total
  Time:    [TIME]
