---
source: crates/turborepo-repository/src/package_graph/builder.rs
expression: warning_message
---
An issue occurred while attempting to parse /my-project/packages/app/package.json. Turborepo will still function, but some features may not be available:
   × package.json must have a name field:
  │ /my-project/packages/app/package.json
