---
source: crates/turborepo-integration-tests/tests/run_unnamed_packages.rs
expression: redact_output(&result.combined_output())
---
• Packages in scope: my-app, util
• Running build in 2 packages
• Remote caching disabled
my-app:build: cache miss, executing [HASH]
my-app:build: 
my-app:build: > build
my-app:build: > echo building
my-app:build: 
my-app:build: building

 Tasks:    1 successful, 1 total
Cached:    0 cached, 1 total
  Time: [TIME]
