---
source: crates/turborepo-integration-tests/tests/run_single_package.rs
expression: redact_output(&result.combined_output())
---
• Running build
• Remote caching disabled
build: cache miss, executing [HASH]
build: 
build: > build
build: > echo building > foo.txt
build: 

 Tasks:    1 successful, 1 total
Cached:    0 cached, 1 total
  Time: [TIME]
