---
source: crates/turborepo-integration-tests/tests/run_globs.rs
expression: redact_globs_output(&result2.combined_output())
---
• Packages in scope: util
• Running build in 1 packages
• Remote caching disabled
util:build: cache hit, suppressing logs [HASH]

 Tasks:    1 successful, 1 total
Cached:    1 cached, 1 total
  Time: [TIME] >>> FULL TURBO
