---
source: crates/turborepo-integration-tests/tests/run_absolute_path_error.rs
expression: redact_output(&result.combined_output())
---
  x `globalDependencies` cannot contain an absolute path.
   ,-[turbo.json:3:26]
 2 |   "$schema": "https://turborepo.com/schema.json",
 3 |   "globalDependencies": ["/an/absolute/path", "some/file"]
   :                          ^^^^^^^^^|^^^^^^^^^
   :                                   `-- absolute path found here
 4 | }
   `----
