---
source: crates/turborepo-integration-tests/tests/run_single_package.rs
expression: redact_output(&result.combined_output())
---
• Running test
• Remote caching disabled
build: cache hit, replaying logs [HASH]
build: 
build: > build
build: > echo building > foo.txt
build: 
test: cache hit, replaying logs [HASH]
test: 
test: > test
test: > cat foo.txt
test: 
test: building

 Tasks:    2 successful, 2 total
Cached:    2 cached, 2 total
  Time: [TIME] >>> FULL TURBO
